Traceback (most recent call last):
  File "C:\Users\WIN11\AppData\Local\Python\pythoncore-3.14-64\Lib\site-packages\jupyter_cache\executors\utils.py", line 58, in single_nb_execution
    executenb(
    ~~~~~~~~~^
        nb,
        ^^^
    ...<4 lines>...
        **kwargs,
        ^^^^^^^^^
    )
    ^
  File "C:\Users\WIN11\AppData\Local\Python\pythoncore-3.14-64\Lib\site-packages\nbclient\client.py", line 1323, in execute
    return NotebookClient(nb=nb, resources=resources, km=km, **kwargs).execute()
           ~~~~~~~~~~~~~~~~~~~~~~~~~~~~~~~~~~~~~~~~~~~~~~~~~~~~~~~~~~~~~~~~~~~^^
  File "C:\Users\WIN11\AppData\Roaming\Python\Python314\site-packages\jupyter_core\utils\__init__.py", line 165, in wrapped
    return loop.run_until_complete(inner)
           ~~~~~~~~~~~~~~~~~~~~~~~^^^^^^^
  File "C:\Users\WIN11\AppData\Local\Python\pythoncore-3.14-64\Lib\asyncio\base_events.py", line 720, in run_until_complete
    return future.result()
           ~~~~~~~~~~~~~^^
  File "C:\Users\WIN11\AppData\Local\Python\pythoncore-3.14-64\Lib\site-packages\nbclient\client.py", line 709, in async_execute
    await self.async_execute_cell(
        cell, index, execution_count=self.code_cells_executed + 1
    )
  File "C:\Users\WIN11\AppData\Local\Python\pythoncore-3.14-64\Lib\site-packages\nbclient\client.py", line 1062, in async_execute_cell
    await self._check_raise_for_error(cell, cell_index, exec_reply)
  File "C:\Users\WIN11\AppData\Local\Python\pythoncore-3.14-64\Lib\site-packages\nbclient\client.py", line 918, in _check_raise_for_error
    raise CellExecutionError.from_cell_and_msg(cell, exec_reply_content)
nbclient.exceptions.CellExecutionError: An error occurred while executing the following cell:
------------------
import webbrowser
import tempfile

roll = np.random.randint(1, 7)

bet = input('Make your bet!:')

if roll == bet:
    emoji = ":)"
else:
    emoji = ":("

message_text = f"""
<!DOCTYPE html>
<html>
<body>
<h1 style="color: green;">
🎲 Dice Roll
</h1>
<p style="color: red;">
The dice rolled a {roll}.
</p>
<p style="color: green;">
You bet it would roll {bet}.
Your bet is {bet == roll} {emoji}
</p>
</body>
</html>
"""

display(HTML(message_text))

# with tempfile.NamedTemporaryFile(
#     mode="w",
#     suffix=".html",
#     delete=False,
#     encoding="utf-8"
# ) as f:
#     f.write(html)
#     filename = f.name

# webbrowser.open_new_tab("file://" + filename)
------------------


[31m---------------------------------------------------------------------------[39m
[31mStdinNotImplementedError[39m                  Traceback (most recent call last)
[36mCell[39m[36m [39m[32mIn[2][39m[32m, line 6[39m
[32m      2[39m [38;5;28;01mimport[39;00m tempfile
[32m      3[39m 
[32m      4[39m roll = np.random.randint([32m1[39m, [32m7[39m)
[32m      5[39m 
[32m----> [39m[32m6[39m bet = input([33m'Make your bet!:'[39m)
[32m      7[39m 
[32m      8[39m [38;5;28;01mif[39;00m roll == bet:
[32m      9[39m     emoji = [33m":)"[39m

[36mFile [39m[32m~\AppData\Roaming\Python\Python314\site-packages\ipykernel\kernelbase.py:1402[39m, in [36mKernel.raw_input[39m[34m(self, prompt)[39m
[32m   1400[39m [38;5;28;01mif[39;00m [38;5;129;01mnot[39;00m [38;5;28mself[39m._allow_stdin:
[32m   1401[39m     msg = [33m"[39m[33mraw_input was called, but this frontend does not support input requests.[39m[33m"[39m
[32m-> [39m[32m1402[39m     [38;5;28;01mraise[39;00m StdinNotImplementedError(msg)
[32m   1403[39m [38;5;28;01mreturn[39;00m [38;5;28mself[39m._input_request(
[32m   1404[39m     [38;5;28mstr[39m(prompt),
[32m   1405[39m     [38;5;28mself[39m._get_shell_context_var([38;5;28mself[39m._shell_parent_ident),
[32m   1406[39m     [38;5;28mself[39m.get_parent([33m"[39m[33mshell[39m[33m"[39m),
[32m   1407[39m     password=[38;5;28;01mFalse[39;00m,
[32m   1408[39m )

[31mStdinNotImplementedError[39m: raw_input was called, but this frontend does not support input requests.

