Traceback (most recent call last):
  File "C:\Users\rushpz\AppData\Local\Programs\Python\Python313\Lib\site-packages\jupyter_core\utils\__init__.py", line 154, in wrapped
    asyncio.get_running_loop()
    ~~~~~~~~~~~~~~~~~~~~~~~~^^
RuntimeError: no running event loop

During handling of the above exception, another exception occurred:

Traceback (most recent call last):
  File "C:\Users\rushpz\AppData\Local\Programs\Python\Python313\Lib\site-packages\jupyter_cache\executors\utils.py", line 58, in single_nb_execution
    executenb(
    ~~~~~~~~~^
        nb,
        ^^^
    ...<4 lines>...
        **kwargs,
        ^^^^^^^^^
    )
    ^
  File "C:\Users\rushpz\AppData\Local\Programs\Python\Python313\Lib\site-packages\nbclient\client.py", line 1319, in execute
    return NotebookClient(nb=nb, resources=resources, km=km, **kwargs).execute()
           ~~~~~~~~~~~~~~~~~~~~~~~~~~~~~~~~~~~~~~~~~~~~~~~~~~~~~~~~~~~~~~~~~~~^^
  File "C:\Users\rushpz\AppData\Local\Programs\Python\Python313\Lib\site-packages\jupyter_core\utils\__init__.py", line 158, in wrapped
    return loop.run_until_complete(inner)
           ~~~~~~~~~~~~~~~~~~~~~~~^^^^^^^
  File "C:\Users\rushpz\AppData\Local\Programs\Python\Python313\Lib\asyncio\base_events.py", line 725, in run_until_complete
    return future.result()
           ~~~~~~~~~~~~~^^
  File "C:\Users\rushpz\AppData\Local\Programs\Python\Python313\Lib\site-packages\nbclient\client.py", line 709, in async_execute
    await self.async_execute_cell(
        cell, index, execution_count=self.code_cells_executed + 1
    )
  File "C:\Users\rushpz\AppData\Local\Programs\Python\Python313\Lib\site-packages\nbclient\client.py", line 1062, in async_execute_cell
    await self._check_raise_for_error(cell, cell_index, exec_reply)
  File "C:\Users\rushpz\AppData\Local\Programs\Python\Python313\Lib\site-packages\nbclient\client.py", line 918, in _check_raise_for_error
    raise CellExecutionError.from_cell_and_msg(cell, exec_reply_content)
nbclient.exceptions.CellExecutionError: An error occurred while executing the following cell:
------------------
# DO NOT CHANGE THIS CODE.
# RUN THIS CELL TO MARK YOUR ANSWER.
mark_exercise_1.check_answer_1(answer_1)
------------------


[31m---------------------------------------------------------------------------[39m
[31mTypeError[39m                                 Traceback (most recent call last)
[36mCell[39m[36m [39m[32mIn[4][39m[32m, line 3[39m
[32m      1[39m [38;5;66;03m# DO NOT CHANGE THIS CODE.[39;00m
[32m      2[39m [38;5;66;03m# RUN THIS CELL TO MARK YOUR ANSWER.[39;00m
[32m----> [39m[32m3[39m [43mmark_exercise_1[49m[43m.[49m[43mcheck_answer_1[49m[43m([49m[43manswer_1[49m[43m)[49m

[36mFile [39m[32m~\Intro_Comp_Programming\mark_exercise_1.py:26[39m, in [36mcheck_answer_1[39m[34m(answer_1, return_mark)[39m
[32m     24[39m answer_name = [33m"[39m[33manswer_1[39m[33m"[39m
[32m     25[39m marks_available = [32m1[39m
[32m---> [39m[32m26[39m conditions = np.array([soft_assert([43mnp[49m[43m.[49m[43misclose[49m[43m([49m[43manswer_1[49m[43m,[49m[43m [49m[43mmk_t_1[49m[43m([49m[43m)[49m[43m[[49m[32;43m0[39;49m[43m][49m[43m.[49m[43mastype[49m[43m([49m[38;5;28;43mfloat[39;49m[43m)[49m[43m)[49m,
[32m     27[39m                           [33mf[39m[33m"[39m[33mYour answer to [39m[38;5;132;01m{[39;00mquestion_name[38;5;132;01m}[39;00m[33m is not correct!, `[39m[38;5;132;01m{[39;00manswer_name[38;5;132;01m}[39;00m[33m` is the wrong number![39m[33m"[39m,
[32m     28[39m                             return_mark=return_mark)])
[32m     29[39m mark = sub_check(question_name, answer_1, 
[32m     30[39m                  conditions,
[32m     31[39m                  return_mark=return_mark)
[32m     32[39m [38;5;28;01mreturn[39;00m award_marks(mark, marks_available=marks_available)

[36mFile [39m[32m~\AppData\Local\Programs\Python\Python313\Lib\site-packages\numpy\_core\numeric.py:2496[39m, in [36misclose[39m[34m(a, b, rtol, atol, equal_nan)[39m
[32m   2492[39m         [38;5;28mprint[39m(err_msg)
[32m   2494[39m [38;5;28;01mwith[39;00m errstate(invalid=[33m'[39m[33mignore[39m[33m'[39m):
[32m-> [39m[32m2496[39m     result = (less_equal([38;5;28mabs[39m([43mx[49m[43m [49m[43m-[49m[43m [49m[43my[49m), atol + rtol * [38;5;28mabs[39m(y))
[32m   2497[39m               & isfinite(y)
[32m   2498[39m               | (x == y))
[32m   2499[39m     [38;5;28;01mif[39;00m equal_nan:
[32m   2500[39m         result |= isnan(x) & isnan(y)

[31mTypeError[39m: unsupported operand type(s) for -: 'ellipsis' and 'float'

