Traceback (most recent call last):
  File "C:\Users\rushpz\AppData\Local\Programs\Python\Python313\Lib\site-packages\jupyter_core\utils\__init__.py", line 154, in wrapped
    asyncio.get_running_loop()
    ~~~~~~~~~~~~~~~~~~~~~~~~^^
RuntimeError: no running event loop

During handling of the above exception, another exception occurred:

Traceback (most recent call last):
  File "C:\Users\rushpz\AppData\Local\Programs\Python\Python313\Lib\site-packages\jupyter_cache\executors\utils.py", line 58, in single_nb_execution
    executenb(
    ~~~~~~~~~^
        nb,
        ^^^
    ...<4 lines>...
        **kwargs,
        ^^^^^^^^^
    )
    ^
  File "C:\Users\rushpz\AppData\Local\Programs\Python\Python313\Lib\site-packages\nbclient\client.py", line 1319, in execute
    return NotebookClient(nb=nb, resources=resources, km=km, **kwargs).execute()
           ~~~~~~~~~~~~~~~~~~~~~~~~~~~~~~~~~~~~~~~~~~~~~~~~~~~~~~~~~~~~~~~~~~~^^
  File "C:\Users\rushpz\AppData\Local\Programs\Python\Python313\Lib\site-packages\jupyter_core\utils\__init__.py", line 158, in wrapped
    return loop.run_until_complete(inner)
           ~~~~~~~~~~~~~~~~~~~~~~~^^^^^^^
  File "C:\Users\rushpz\AppData\Local\Programs\Python\Python313\Lib\asyncio\base_events.py", line 725, in run_until_complete
    return future.result()
           ~~~~~~~~~~~~~^^
  File "C:\Users\rushpz\AppData\Local\Programs\Python\Python313\Lib\site-packages\nbclient\client.py", line 709, in async_execute
    await self.async_execute_cell(
        cell, index, execution_count=self.code_cells_executed + 1
    )
  File "C:\Users\rushpz\AppData\Local\Programs\Python\Python313\Lib\site-packages\nbclient\client.py", line 1062, in async_execute_cell
    await self._check_raise_for_error(cell, cell_index, exec_reply)
  File "C:\Users\rushpz\AppData\Local\Programs\Python\Python313\Lib\site-packages\nbclient\client.py", line 918, in _check_raise_for_error
    raise CellExecutionError.from_cell_and_msg(cell, exec_reply_content)
nbclient.exceptions.CellExecutionError: An error occurred while executing the following cell:
------------------
# RUN THIS CELL - DO NOT CHANGE THE CODE.
import numpy as np
import mark_exercise_X
# answer_1, answer_2, answer_3, answer_4, answer_5, answer_6, answer_7, answer_8, answer_9, answer_10 = mark_exercise_X.pre_define_blanks(10)
------------------


[31m---------------------------------------------------------------------------[39m
[31mModuleNotFoundError[39m                       Traceback (most recent call last)
[36mCell[39m[36m [39m[32mIn[1][39m[32m, line 3[39m
[32m      1[39m [38;5;66;03m# RUN THIS CELL - DO NOT CHANGE THE CODE.[39;00m
[32m      2[39m [38;5;28;01mimport[39;00m[38;5;250m [39m[34;01mnumpy[39;00m[38;5;250m [39m[38;5;28;01mas[39;00m[38;5;250m [39m[34;01mnp[39;00m
[32m----> [39m[32m3[39m [38;5;28;01mimport[39;00m[38;5;250m [39m[34;01mmark_exercise_X[39;00m
[32m      4[39m [38;5;66;03m# answer_1, answer_2, answer_3, answer_4, answer_5, answer_6, answer_7, answer_8, answer_9, answer_10 = mark_exercise_X.pre_define_blanks(10)[39;00m

[36mFile [39m[32m~\Intro_Comp_Programming\mark_exercise_X.py:3[39m
[32m      1[39m [38;5;28;01mfrom[39;00m[38;5;250m [39m[34;01mjupyprint[39;00m[38;5;250m [39m[38;5;28;01mimport[39;00m jupyprint
[32m      2[39m [38;5;28;01mfrom[39;00m[38;5;250m [39m[34;01mmarking_sub_functions[39;00m[38;5;250m [39m[38;5;28;01mimport[39;00m soft_assert, sub_check, award_marks, pre_define_blanks_ans
[32m----> [39m[32m3[39m [38;5;28;01mfrom[39;00m[38;5;250m [39m[34;01mmark_exercise_var[39;00m[38;5;250m [39m[38;5;28;01mimport[39;00m mk_var
[32m      4[39m [38;5;28;01mimport[39;00m[38;5;250m [39m[34;01mnumpy[39;00m[38;5;250m [39m[38;5;28;01mas[39;00m[38;5;250m [39m[34;01mnp[39;00m
[32m      6[39m [38;5;66;03m# SET TOTAL MARKS FOR EXERCISE[39;00m

[31mModuleNotFoundError[39m: No module named 'mark_exercise_var'

