Traceback (most recent call last):
  File "C:\Users\WIN11\AppData\Local\Python\pythoncore-3.14-64\Lib\site-packages\jupyter_cache\executors\utils.py", line 58, in single_nb_execution
    executenb(
    ~~~~~~~~~^
        nb,
        ^^^
    ...<4 lines>...
        **kwargs,
        ^^^^^^^^^
    )
    ^
  File "C:\Users\WIN11\AppData\Local\Python\pythoncore-3.14-64\Lib\site-packages\nbclient\client.py", line 1323, in execute
    return NotebookClient(nb=nb, resources=resources, km=km, **kwargs).execute()
           ~~~~~~~~~~~~~~~~~~~~~~~~~~~~~~~~~~~~~~~~~~~~~~~~~~~~~~~~~~~~~~~~~~~^^
  File "C:\Users\WIN11\AppData\Roaming\Python\Python314\site-packages\jupyter_core\utils\__init__.py", line 165, in wrapped
    return loop.run_until_complete(inner)
           ~~~~~~~~~~~~~~~~~~~~~~~^^^^^^^
  File "C:\Users\WIN11\AppData\Local\Python\pythoncore-3.14-64\Lib\asyncio\base_events.py", line 720, in run_until_complete
    return future.result()
           ~~~~~~~~~~~~~^^
  File "C:\Users\WIN11\AppData\Local\Python\pythoncore-3.14-64\Lib\site-packages\nbclient\client.py", line 709, in async_execute
    await self.async_execute_cell(
        cell, index, execution_count=self.code_cells_executed + 1
    )
  File "C:\Users\WIN11\AppData\Local\Python\pythoncore-3.14-64\Lib\site-packages\nbclient\client.py", line 1062, in async_execute_cell
    await self._check_raise_for_error(cell, cell_index, exec_reply)
  File "C:\Users\WIN11\AppData\Local\Python\pythoncore-3.14-64\Lib\site-packages\nbclient\client.py", line 918, in _check_raise_for_error
    raise CellExecutionError.from_cell_and_msg(cell, exec_reply_content)
nbclient.exceptions.CellExecutionError: An error occurred while executing the following cell:
------------------
# DO NOT CHANGE THE CODE IN THIS CELL. JUST RUN IT.
from mk_lit_exp_func_reviser import lit_exp_or_func
lit_exp_or_func()
------------------


[31m---------------------------------------------------------------------------[39m
[31mStdinNotImplementedError[39m                  Traceback (most recent call last)
[36mCell[39m[36m [39m[32mIn[1][39m[32m, line 3[39m
[32m      1[39m [38;5;66;03m# DO NOT CHANGE THE CODE IN THIS CELL. JUST RUN IT.[39;00m
[32m      2[39m [38;5;28;01mfrom[39;00m mk_lit_exp_func_reviser [38;5;28;01mimport[39;00m lit_exp_or_func
[32m----> [39m[32m3[39m lit_exp_or_func()

[36mFile [39m[32m~\Intro_Comp_Programming\mk_lit_exp_func_reviser.py:57[39m, in [36mlit_exp_or_func[39m[34m()[39m
[32m     55[39m jupyprint([33mf[39m[33m"[39m[33mType `[39m[38;5;132;01m{[39;00mlegal_answers[[32m0[39m][38;5;132;01m}[39;00m[33m`, `[39m[38;5;132;01m{[39;00mlegal_answers[[32m1[39m][38;5;132;01m}[39;00m[33m`, `[39m[38;5;132;01m{[39;00mlegal_answers[[32m2[39m][38;5;132;01m}[39;00m[33m` or `[39m[38;5;132;01m{[39;00mlegal_answers[[32m3[39m][38;5;132;01m}[39;00m[33m` in the box below.[39m[33m"[39m)
[32m     56[39m sleep([32m1[39m)
[32m---> [39m[32m57[39m usr_input = [30;43minput[39;49m[30;43m([39;49m[30;43m)[39;49m
[32m     58[39m usr_input = usr_input.lower().replace([33m'[39m[33m"[39m[33m'[39m, [33m'[39m[33m'[39m).replace([33m"[39m[33m'[39m[33m"[39m, [33m"[39m[33m"[39m).lstrip().rstrip()
[32m     59[39m [38;5;28;01mif[39;00m usr_input [38;5;129;01min[39;00m legal_answers:

[36mFile [39m[32m~\AppData\Roaming\Python\Python314\site-packages\ipykernel\kernelbase.py:1402[39m, in [36mKernel.raw_input[39m[34m(self, prompt)[39m
[32m   1400[39m [38;5;28;01mif[39;00m [38;5;129;01mnot[39;00m [38;5;28mself[39m._allow_stdin:
[32m   1401[39m     msg = [33m"[39m[33mraw_input was called, but this frontend does not support input requests.[39m[33m"[39m
[32m-> [39m[32m1402[39m     [38;5;28;01mraise[39;00m StdinNotImplementedError(msg)
[32m   1403[39m [38;5;28;01mreturn[39;00m [38;5;28mself[39m._input_request(
[32m   1404[39m     [38;5;28mstr[39m(prompt),
[32m   1405[39m     [38;5;28mself[39m._get_shell_context_var([38;5;28mself[39m._shell_parent_ident),
[32m   1406[39m     [38;5;28mself[39m.get_parent([33m"[39m[33mshell[39m[33m"[39m),
[32m   1407[39m     password=[38;5;28;01mFalse[39;00m,
[32m   1408[39m )

[31mStdinNotImplementedError[39m: raw_input was called, but this frontend does not support input requests.

