Traceback (most recent call last):
  File "C:\Users\WIN11\AppData\Local\Python\pythoncore-3.14-64\Lib\site-packages\jupyter_cache\executors\utils.py", line 58, in single_nb_execution
    executenb(
    ~~~~~~~~~^
        nb,
        ^^^
    ...<4 lines>...
        **kwargs,
        ^^^^^^^^^
    )
    ^
  File "C:\Users\WIN11\AppData\Local\Python\pythoncore-3.14-64\Lib\site-packages\nbclient\client.py", line 1323, in execute
    return NotebookClient(nb=nb, resources=resources, km=km, **kwargs).execute()
           ~~~~~~~~~~~~~~~~~~~~~~~~~~~~~~~~~~~~~~~~~~~~~~~~~~~~~~~~~~~~~~~~~~~^^
  File "C:\Users\WIN11\AppData\Roaming\Python\Python314\site-packages\jupyter_core\utils\__init__.py", line 165, in wrapped
    return loop.run_until_complete(inner)
           ~~~~~~~~~~~~~~~~~~~~~~~^^^^^^^
  File "C:\Users\WIN11\AppData\Local\Python\pythoncore-3.14-64\Lib\asyncio\base_events.py", line 720, in run_until_complete
    return future.result()
           ~~~~~~~~~~~~~^^
  File "C:\Users\WIN11\AppData\Local\Python\pythoncore-3.14-64\Lib\site-packages\nbclient\client.py", line 709, in async_execute
    await self.async_execute_cell(
        cell, index, execution_count=self.code_cells_executed + 1
    )
  File "C:\Users\WIN11\AppData\Local\Python\pythoncore-3.14-64\Lib\site-packages\nbclient\client.py", line 1062, in async_execute_cell
    await self._check_raise_for_error(cell, cell_index, exec_reply)
  File "C:\Users\WIN11\AppData\Local\Python\pythoncore-3.14-64\Lib\site-packages\nbclient\client.py", line 918, in _check_raise_for_error
    raise CellExecutionError.from_cell_and_msg(cell, exec_reply_content)
nbclient.exceptions.CellExecutionError: An error occurred while executing the following cell:
------------------
# RUN THIS CELL - DO NOT CHANGE THE CODE.
import numpy as np
from notch_X import *
# answer_1, answer_2, answer_3, answer_4, answer_5, answer_6, answer_7, answer_8, answer_9, answer_10 = pre_define_blanks(10)
------------------


[31m---------------------------------------------------------------------------[39m
[31mNameError[39m                                 Traceback (most recent call last)
[36mCell[39m[36m [39m[32mIn[1][39m[32m, line 3[39m
[32m      1[39m [38;5;66;03m# RUN THIS CELL - DO NOT CHANGE THE CODE.[39;00m
[32m      2[39m [38;5;28;01mimport[39;00m numpy [38;5;28;01mas[39;00m np
[32m----> [39m[32m3[39m [38;5;28;01mfrom[39;00m notch_X [38;5;28;01mimport[39;00m *
[32m      4[39m [38;5;66;03m# answer_1, answer_2, answer_3, answer_4, answer_5, answer_6, answer_7, answer_8, answer_9, answer_10 = pre_define_blanks(10)[39;00m

[36mFile [39m[32m~\Intro_Comp_Programming\notch_X.py:10[39m
[32m      7[39m [38;5;66;03m# SET TOTAL MARKS FOR EXERCISE[39;00m
[32m      8[39m total_marks = [32m5[39m
[32m---> [39m[32m10[39m number = [30;43mX[39;49m
[32m     11[39m [38;5;28;01mfor[39;00m name [38;5;129;01min[39;00m [38;5;28mlist[39m([38;5;28mglobals[39m()):
[32m     12[39m     [38;5;28;01mif[39;00m [38;5;28mcallable[39m([38;5;28mglobals[39m()[name]) [38;5;129;01mand[39;00m name.startswith([33m"[39m[33mmk_t_[39m[33m"[39m) [38;5;129;01mand[39;00m [38;5;129;01mnot[39;00m name.endswith([33mf[39m[33m"[39m[38;5;132;01m{[39;00mnumber[38;5;132;01m}[39;00m[33m"[39m):

[31mNameError[39m: name 'X' is not defined

