Traceback (most recent call last):
  File "C:\Users\WIN11\AppData\Local\Python\pythoncore-3.14-64\Lib\site-packages\jupyter_cache\executors\utils.py", line 58, in single_nb_execution
    executenb(
    ~~~~~~~~~^
        nb,
        ^^^
    ...<4 lines>...
        **kwargs,
        ^^^^^^^^^
    )
    ^
  File "C:\Users\WIN11\AppData\Local\Python\pythoncore-3.14-64\Lib\site-packages\nbclient\client.py", line 1323, in execute
    return NotebookClient(nb=nb, resources=resources, km=km, **kwargs).execute()
           ~~~~~~~~~~~~~~~~~~~~~~~~~~~~~~~~~~~~~~~~~~~~~~~~~~~~~~~~~~~~~~~~~~~^^
  File "C:\Users\WIN11\AppData\Roaming\Python\Python314\site-packages\jupyter_core\utils\__init__.py", line 165, in wrapped
    return loop.run_until_complete(inner)
           ~~~~~~~~~~~~~~~~~~~~~~~^^^^^^^
  File "C:\Users\WIN11\AppData\Local\Python\pythoncore-3.14-64\Lib\asyncio\base_events.py", line 720, in run_until_complete
    return future.result()
           ~~~~~~~~~~~~~^^
  File "C:\Users\WIN11\AppData\Local\Python\pythoncore-3.14-64\Lib\site-packages\nbclient\client.py", line 709, in async_execute
    await self.async_execute_cell(
        cell, index, execution_count=self.code_cells_executed + 1
    )
  File "C:\Users\WIN11\AppData\Local\Python\pythoncore-3.14-64\Lib\site-packages\nbclient\client.py", line 1062, in async_execute_cell
    await self._check_raise_for_error(cell, cell_index, exec_reply)
  File "C:\Users\WIN11\AppData\Local\Python\pythoncore-3.14-64\Lib\site-packages\nbclient\client.py", line 918, in _check_raise_for_error
    raise CellExecutionError.from_cell_and_msg(cell, exec_reply_content)
nbclient.exceptions.CellExecutionError: An error occurred while executing the following cell:
------------------
# DO NOT CHANGE THIS CODE.
# RUN THIS CELL TO MARK YOUR ANSWER.
check_answer_1(answer_1)
------------------


[31m---------------------------------------------------------------------------[39m
[31mTypeError[39m                                 Traceback (most recent call last)
[36mCell[39m[36m [39m[32mIn[4][39m[32m, line 3[39m
[32m      1[39m [38;5;66;03m# DO NOT CHANGE THIS CODE.[39;00m
[32m      2[39m [38;5;66;03m# RUN THIS CELL TO MARK YOUR ANSWER.[39;00m
[32m----> [39m[32m3[39m check_answer_1(answer_1)

[36mFile [39m[32m~\Intro_Comp_Programming\notch_1.py:26[39m, in [36mcheck_answer_1[39m[34m(answer_1, return_mark)[39m
[32m     24[39m answer_name = [33m"[39m[33manswer_1[39m[33m"[39m
[32m     25[39m marks_available = [32m1[39m
[32m---> [39m[32m26[39m conditions = np.array([soft_assert([30;43mnp[39;49m[30;43m.[39;49m[30;43misclose[39;49m[30;43m([39;49m[30;43manswer_1[39;49m[30;43m,[39;49m[30;43m [39;49m[30;43mmk_t_1[39;49m[30;43m([39;49m[30;43m)[39;49m[30;43m[[39;49m[30;43m0[39;49m[30;43m][39;49m[30;43m.[39;49m[30;43mastype[39;49m[30;43m([39;49m[30;43mfloat[39;49m[30;43m)[39;49m[30;43m)[39;49m,
[32m     27[39m                           [33mf[39m[33m"[39m[33mYour answer to Your answer to [39m[38;5;132;01m{[39;00mquestion_name[38;5;132;01m}[39;00m[33m is **NOT CORRECT!** `[39m[38;5;132;01m{[39;00manswer_name[38;5;132;01m}[39;00m[33m` is the wrong number![39m[33m"[39m,
[32m     28[39m                             return_mark=return_mark)])
[32m     29[39m mark = sub_check(question_name, answer_1, 
[32m     30[39m                  conditions,
[32m     31[39m                  return_mark=return_mark)
[32m     32[39m [38;5;28;01mreturn[39;00m award_marks(mark, marks_available=marks_available)

[36mFile [39m[32m~\AppData\Local\Python\pythoncore-3.14-64\Lib\site-packages\numpy\_core\numeric.py:2443[39m, in [36misclose[39m[34m(a, b, rtol, atol, equal_nan)[39m
[32m   2439[39m         [38;5;28mprint[39m(err_msg)
[32m   2441[39m [38;5;28;01mwith[39;00m errstate(invalid=[33m'[39m[33mignore[39m[33m'[39m):
[32m-> [39m[32m2443[39m     result = (less_equal([38;5;28mabs[39m([30;43mx[39;49m[30;43m [39;49m[30;43m-[39;49m[30;43m [39;49m[30;43my[39;49m), atol + rtol * [38;5;28mabs[39m(y))
[32m   2444[39m               & isfinite(y)
[32m   2445[39m               | (x == y))
[32m   2446[39m     [38;5;28;01mif[39;00m equal_nan:
[32m   2447[39m         result |= isnan(x) & isnan(y)

[31mTypeError[39m: unsupported operand type(s) for -: 'ellipsis' and 'float'

